{'_id': ObjectId('5ec29c428fc36ae92596a8e6'), 'id': None, 'username': 'username', 'password': b'$2b$12$ROn1Qw6q7uCVKRVtOIZ5AeKwCibm5yT3T5sI9BasjRsuyXixR2mFC'}